// Jest Snapshot v1, https://goo.gl/fbAQLP

exports[`Button component Should be render correctly 1`] = `
<button
  className="btn"
  onClick={[MockFunction]}
  type="button"
>
  Go!
</button>
`;
